{"level":"info","message":"hello from aquisitions-api!","service":"aquisitions-api","timestamp":"2026-06-15T23:29:59.208Z"}
{"level":"info","message":"::1 - - [15/Jun/2026:23:29:59 +0000] \"GET / HTTP/1.1\" 304 - \"-\" \"Mozilla/5.0 (X11; Linux x86_64) AppleWebKit/537.36 (KHTML, like Gecko) Chrome/147.0.0.0 Safari/537.36\"","service":"aquisitions-api","timestamp":"2026-06-15T23:29:59.215Z"}
{"level":"info","message":"::1 - - [15/Jun/2026:23:30:02 +0000] \"GET /.well-known/appspecific/com.chrome.devtools.json HTTP/1.1\" 404 187 \"-\" \"Mozilla/5.0 (X11; Linux x86_64) AppleWebKit/537.36 (KHTML, like Gecko) Chrome/147.0.0.0 Safari/537.36\"","service":"aquisitions-api","timestamp":"2026-06-15T23:30:02.368Z"}
{"level":"info","message":"hello from aquisitions-api!","service":"aquisitions-api","timestamp":"2026-06-15T23:30:09.208Z"}
{"level":"info","message":"::1 - - [15/Jun/2026:23:30:09 +0000] \"GET / HTTP/1.1\" 304 - \"-\" \"Mozilla/5.0 (iPhone; CPU iPhone OS 18_5 like Mac OS X) AppleWebKit/605.1.15 (KHTML, like Gecko) Version/18.5 Mobile/15E148 Safari/604.1\"","service":"aquisitions-api","timestamp":"2026-06-15T23:30:09.209Z"}
{"level":"info","message":"::1 - - [15/Jun/2026:23:30:09 +0000] \"GET /.well-known/appspecific/com.chrome.devtools.json HTTP/1.1\" 404 187 \"-\" \"Mozilla/5.0 (X11; Linux x86_64) AppleWebKit/537.36 (KHTML, like Gecko) Chrome/147.0.0.0 Safari/537.36\"","service":"aquisitions-api","timestamp":"2026-06-15T23:30:09.255Z"}
{"level":"info","message":"hello from aquisitions-api!","service":"aquisitions-api","timestamp":"2026-06-15T23:30:18.943Z"}
{"level":"info","message":"::1 - - [15/Jun/2026:23:30:18 +0000] \"GET / HTTP/1.1\" 304 - \"-\" \"Mozilla/5.0 (iPhone; CPU iPhone OS 18_5 like Mac OS X) AppleWebKit/605.1.15 (KHTML, like Gecko) Version/18.5 Mobile/15E148 Safari/604.1\"","service":"aquisitions-api","timestamp":"2026-06-15T23:30:18.944Z"}
{"level":"info","message":"::1 - - [15/Jun/2026:23:30:18 +0000] \"GET /.well-known/appspecific/com.chrome.devtools.json HTTP/1.1\" 404 187 \"-\" \"Mozilla/5.0 (X11; Linux x86_64) AppleWebKit/537.36 (KHTML, like Gecko) Chrome/147.0.0.0 Safari/537.36\"","service":"aquisitions-api","timestamp":"2026-06-15T23:30:18.988Z"}
{"level":"info","message":"hello from aquisitions-api!","service":"aquisitions-api","timestamp":"2026-06-16T07:20:55.214Z"}
{"level":"info","message":"::1 - - [16/Jun/2026:07:20:55 +0000] \"GET / HTTP/1.1\" 304 - \"-\" \"Mozilla/5.0 (X11; Linux x86_64) AppleWebKit/537.36 (KHTML, like Gecko) Chrome/147.0.0.0 Safari/537.36\"","service":"aquisitions-api","timestamp":"2026-06-16T07:20:55.227Z"}
{"level":"info","message":"::1 - - [16/Jun/2026:07:21:01 +0000] \"GET /api HTTP/1.1\" 200 42 \"-\" \"Mozilla/5.0 (X11; Linux x86_64) AppleWebKit/537.36 (KHTML, like Gecko) Chrome/147.0.0.0 Safari/537.36\"","service":"aquisitions-api","timestamp":"2026-06-16T07:21:01.102Z"}
{"level":"info","message":"::1 - - [16/Jun/2026:07:21:23 +0000] \"GET /health HTTP/1.1\" 200 76 \"-\" \"Mozilla/5.0 (X11; Linux x86_64) AppleWebKit/537.36 (KHTML, like Gecko) Chrome/147.0.0.0 Safari/537.36\"","service":"aquisitions-api","timestamp":"2026-06-16T07:21:23.592Z"}
{"level":"info","message":"::1 - - [16/Jun/2026:07:29:53 +0000] \"GET /health HTTP/1.1\" 200 77 \"-\" \"HTTPie\"","service":"aquisitions-api","timestamp":"2026-06-16T07:29:53.103Z"}
{"level":"info","message":"hello from aquisitions-api!","service":"aquisitions-api","timestamp":"2026-06-16T07:30:58.995Z"}
{"level":"info","message":"::1 - - [16/Jun/2026:07:30:58 +0000] \"GET / HTTP/1.1\" 200 13 \"-\" \"HTTPie\"","service":"aquisitions-api","timestamp":"2026-06-16T07:30:58.997Z"}
{"level":"info","message":"::1 - - [16/Jun/2026:07:31:29 +0000] \"GET /api HTTP/1.1\" 200 42 \"-\" \"HTTPie\"","service":"aquisitions-api","timestamp":"2026-06-16T07:31:29.984Z"}
{"level":"info","message":"::1 - - [16/Jun/2026:07:31:54 +0000] \"POST /api/auth/sign-in HTTP/1.1\" 200 22 \"-\" \"HTTPie\"","service":"aquisitions-api","timestamp":"2026-06-16T07:31:54.395Z"}
{"level":"error","message":"Sign up error : errors is not defined","service":"aquisitions-api","stack":"ReferenceError: errors is not defined\n    at formatValidationError (file:///home/ronaldo/devopps/first-dev-project/src/utils/format.js:6:23)\n    at signUp (file:///home/ronaldo/devopps/first-dev-project/src/controllers/auth.controller.js:12:26)\n    at Layer.handleRequest (/home/ronaldo/devopps/first-dev-project/node_modules/router/lib/layer.js:152:17)\n    at next (/home/ronaldo/devopps/first-dev-project/node_modules/router/lib/route.js:157:13)\n    at Route.dispatch (/home/ronaldo/devopps/first-dev-project/node_modules/router/lib/route.js:117:3)\n    at handle (/home/ronaldo/devopps/first-dev-project/node_modules/router/index.js:435:11)\n    at Layer.handleRequest (/home/ronaldo/devopps/first-dev-project/node_modules/router/lib/layer.js:152:17)\n    at /home/ronaldo/devopps/first-dev-project/node_modules/router/index.js:295:15\n    at processParams (/home/ronaldo/devopps/first-dev-project/node_modules/router/index.js:582:12)\n    at next (/home/ronaldo/devopps/first-dev-project/node_modules/router/index.js:291:5)","timestamp":"2026-06-16T08:01:42.911Z"}
{"level":"info","message":"::1 - - [16/Jun/2026:08:01:42 +0000] \"POST /api/auth/sign-up HTTP/1.1\" 400 1279 \"-\" \"HTTPie\"","service":"aquisitions-api","timestamp":"2026-06-16T08:01:42.916Z"}
{"level":"info","message":"::1 - - [16/Jun/2026:08:02:51 +0000] \"POST /api/auth/sign-in HTTP/1.1\" 200 22 \"-\" \"HTTPie\"","service":"aquisitions-api","timestamp":"2026-06-16T08:02:51.264Z"}
{"level":"error","message":"Sign up error : errors is not defined","service":"aquisitions-api","stack":"ReferenceError: errors is not defined\n    at formatValidationError (file:///home/ronaldo/devopps/first-dev-project/src/utils/format.js:6:23)\n    at signUp (file:///home/ronaldo/devopps/first-dev-project/src/controllers/auth.controller.js:12:26)\n    at Layer.handleRequest (/home/ronaldo/devopps/first-dev-project/node_modules/router/lib/layer.js:152:17)\n    at next (/home/ronaldo/devopps/first-dev-project/node_modules/router/lib/route.js:157:13)\n    at Route.dispatch (/home/ronaldo/devopps/first-dev-project/node_modules/router/lib/route.js:117:3)\n    at handle (/home/ronaldo/devopps/first-dev-project/node_modules/router/index.js:435:11)\n    at Layer.handleRequest (/home/ronaldo/devopps/first-dev-project/node_modules/router/lib/layer.js:152:17)\n    at /home/ronaldo/devopps/first-dev-project/node_modules/router/index.js:295:15\n    at processParams (/home/ronaldo/devopps/first-dev-project/node_modules/router/index.js:582:12)\n    at next (/home/ronaldo/devopps/first-dev-project/node_modules/router/index.js:291:5)","timestamp":"2026-06-16T08:02:55.606Z"}
{"level":"info","message":"::1 - - [16/Jun/2026:08:02:55 +0000] \"POST /api/auth/sign-up HTTP/1.1\" 400 1279 \"-\" \"HTTPie\"","service":"aquisitions-api","timestamp":"2026-06-16T08:02:55.607Z"}
{"level":"info","message":"::1 - - [16/Jun/2026:08:05:44 +0000] \"POST /api/auth/sign-up HTTP/1.1\" 400 92 \"-\" \"HTTPie\"","service":"aquisitions-api","timestamp":"2026-06-16T08:05:44.435Z"}
{"level":"info","message":"::1 - - [16/Jun/2026:08:06:58 +0000] \"POST /api/auth/sign-up HTTP/1.1\" 400 144 \"-\" \"HTTPie\"","service":"aquisitions-api","timestamp":"2026-06-16T08:06:58.784Z"}
{"level":"info","message":"User registered successfully: roro@gmail.com","service":"aquisitions-api","timestamp":"2026-06-16T08:07:37.566Z"}
{"level":"info","message":"::1 - - [16/Jun/2026:08:07:37 +0000] \"POST /api/auth/sign-up HTTP/1.1\" 201 111 \"-\" \"HTTPie\"","service":"aquisitions-api","timestamp":"2026-06-16T08:07:37.567Z"}
{"level":"error","message":"Error creating user: TypeError: db.select(...).where is not a function","service":"aquisitions-api","timestamp":"2026-06-16T08:32:44.820Z"}
{"level":"error","message":"Sign up error : Error creating user","service":"aquisitions-api","stack":"Error: Error creating user\n    at createUser (file:///home/ronaldo/devopps/first-dev-project/src/services/auth.service.js:40:15)\n    at signUp (file:///home/ronaldo/devopps/first-dev-project/src/controllers/auth.controller.js:21:28)\n    at Layer.handleRequest (/home/ronaldo/devopps/first-dev-project/node_modules/router/lib/layer.js:152:17)\n    at next (/home/ronaldo/devopps/first-dev-project/node_modules/router/lib/route.js:157:13)\n    at Route.dispatch (/home/ronaldo/devopps/first-dev-project/node_modules/router/lib/route.js:117:3)\n    at handle (/home/ronaldo/devopps/first-dev-project/node_modules/router/index.js:435:11)\n    at Layer.handleRequest (/home/ronaldo/devopps/first-dev-project/node_modules/router/lib/layer.js:152:17)\n    at /home/ronaldo/devopps/first-dev-project/node_modules/router/index.js:295:15\n    at processParams (/home/ronaldo/devopps/first-dev-project/node_modules/router/index.js:582:12)\n    at next (/home/ronaldo/devopps/first-dev-project/node_modules/router/index.js:291:5)","timestamp":"2026-06-16T08:32:44.823Z"}
{"level":"info","message":"::1 - - [16/Jun/2026:08:32:44 +0000] \"POST /api/auth/sign-up HTTP/1.1\" 500 1267 \"-\" \"HTTPie\"","service":"aquisitions-api","timestamp":"2026-06-16T08:32:44.826Z"}
{"level":"info","message":"User created successfully: admin@gmail.com","service":"aquisitions-api","timestamp":"2026-06-16T08:39:40.270Z"}
{"level":"info","message":"User registered successfully: admin@gmail.com","service":"aquisitions-api","timestamp":"2026-06-16T08:39:40.274Z"}
{"level":"info","message":"::1 - - [16/Jun/2026:08:39:40 +0000] \"POST /api/auth/sign-up HTTP/1.1\" 201 114 \"-\" \"HTTPie\"","service":"aquisitions-api","timestamp":"2026-06-16T08:39:40.277Z"}
{"level":"error","message":"Error creating user: Error: User with this email already exists","service":"aquisitions-api","timestamp":"2026-06-16T08:39:54.150Z"}
{"level":"error","message":"Sign up error : Error creating user","service":"aquisitions-api","stack":"Error: Error creating user\n    at createUser (file:///home/ronaldo/devopps/first-dev-project/src/services/auth.service.js:40:15)\n    at process.processTicksAndRejections (node:internal/process/task_queues:95:5)\n    at async signUp (file:///home/ronaldo/devopps/first-dev-project/src/controllers/auth.controller.js:21:22)","timestamp":"2026-06-16T08:39:54.150Z"}
{"level":"info","message":"::1 - - [16/Jun/2026:08:39:54 +0000] \"POST /api/auth/sign-up HTTP/1.1\" 500 486 \"-\" \"HTTPie\"","service":"aquisitions-api","timestamp":"2026-06-16T08:39:54.151Z"}
{"level":"error","message":"Error creating user: Error: User with this email already exists","service":"aquisitions-api","timestamp":"2026-06-16T08:40:45.993Z"}
{"level":"error","message":"Sign up error : Error creating user","service":"aquisitions-api","stack":"Error: Error creating user\n    at createUser (file:///home/ronaldo/devopps/first-dev-project/src/services/auth.service.js:40:15)\n    at process.processTicksAndRejections (node:internal/process/task_queues:95:5)\n    at async signUp (file:///home/ronaldo/devopps/first-dev-project/src/controllers/auth.controller.js:21:22)","timestamp":"2026-06-16T08:40:45.996Z"}
{"level":"info","message":"::1 - - [16/Jun/2026:08:40:46 +0000] \"POST /api/auth/sign-up HTTP/1.1\" 500 486 \"-\" \"HTTPie\"","service":"aquisitions-api","timestamp":"2026-06-16T08:40:46.004Z"}
{"level":"info","message":"existingUser lookup for admin@gmail.com: 1 row(s)","service":"aquisitions-api","timestamp":"2026-06-16T08:42:23.140Z"}
{"level":"error","message":"Error creating user: Error: User with this email already exists","service":"aquisitions-api","timestamp":"2026-06-16T08:42:23.143Z"}
{"level":"error","message":"Sign up error : Error creating user","service":"aquisitions-api","stack":"Error: Error creating user\n    at createUser (file:///home/ronaldo/devopps/first-dev-project/src/services/auth.service.js:41:15)\n    at process.processTicksAndRejections (node:internal/process/task_queues:95:5)\n    at async signUp (file:///home/ronaldo/devopps/first-dev-project/src/controllers/auth.controller.js:21:22)","timestamp":"2026-06-16T08:42:23.143Z"}
{"level":"info","message":"::1 - - [16/Jun/2026:08:42:23 +0000] \"POST /api/auth/sign-up HTTP/1.1\" 500 486 \"-\" \"HTTPie\"","service":"aquisitions-api","timestamp":"2026-06-16T08:42:23.146Z"}
{"level":"info","message":"User signed in successfully: admin@gmail.com","service":"aquisitions-api","timestamp":"2026-06-16T09:21:26.774Z"}
{"level":"info","message":"::1 - - [16/Jun/2026:09:21:26 +0000] \"POST /api/auth/sign-in HTTP/1.1\" 200 113 \"-\" \"HTTPie\"","service":"aquisitions-api","timestamp":"2026-06-16T09:21:26.778Z"}
{"level":"info","message":"User signed out successfully","service":"aquisitions-api","timestamp":"2026-06-16T09:23:09.688Z"}
{"level":"info","message":"::1 - - [16/Jun/2026:09:23:09 +0000] \"POST /api/auth/sign-out HTTP/1.1\" 200 42 \"-\" \"HTTPie\"","service":"aquisitions-api","timestamp":"2026-06-16T09:23:09.689Z"}
